// Jest Snapshot v1, https://goo.gl/fbAQLP

exports[`PollForm Component should render the form 1`] = `undefined`;
